(0.015s avg / 152.220s) Using file /home/aditya.bharti/FewShot/fsl/cifar100fs_round2/CropResize_ColorDistort_runs/run3.pth: 0.2825106666666767
(0.015s avg / 150.706s) Using file /home/aditya.bharti/FewShot/fsl/cifar100fs_round2/CropResize_ColorDistort_runs/run4.pth: 0.28949466666667706
(0.015s avg / 151.375s) Using file /home/aditya.bharti/FewShot/fsl/cifar100fs_round2/CropResize_ColorDistort_runs/run1.pth: 0.29115200000001046
(0.015s avg / 151.665s) Using file /home/aditya.bharti/FewShot/fsl/cifar100fs_round2/CropResize_ColorDistort_runs/run2.pth: 0.2819773333333407
(0.015s avg / 152.129s) Using file /home/aditya.bharti/FewShot/fsl/cifar100fs_round2/CropResize_GaussBlur_runs/run3.pth: 0.3473520000000238
(0.015s avg / 151.738s) Using file /home/aditya.bharti/FewShot/fsl/cifar100fs_round2/CropResize_GaussBlur_runs/run4.pth: 0.3465546666666916
(0.015s avg / 152.334s) Using file /home/aditya.bharti/FewShot/fsl/cifar100fs_round2/CropResize_GaussBlur_runs/run1.pth: 0.3437693333333582
(0.015s avg / 149.945s) Using file /home/aditya.bharti/FewShot/fsl/cifar100fs_round2/CropResize_GaussBlur_runs/run2.pth: 0.34201733333335776
(0.015s avg / 152.268s) Using file /home/aditya.bharti/FewShot/fsl/cifar100fs_round2/ColorDistort_GaussBlur_runs/run3.pth: 0.24176399999999984
(0.015s avg / 150.149s) Using file /home/aditya.bharti/FewShot/fsl/cifar100fs_round2/ColorDistort_GaussBlur_runs/run4.pth: 0.23729066666666576
(0.015s avg / 150.810s) Using file /home/aditya.bharti/FewShot/fsl/cifar100fs_round2/ColorDistort_GaussBlur_runs/run1.pth: 0.23777199999999848
(0.015s avg / 152.193s) Using file /home/aditya.bharti/FewShot/fsl/cifar100fs_round2/ColorDistort_GaussBlur_runs/run2.pth: 0.2366013333333331
