(0.017s avg / 174.262s) Using file /home/aditya.bharti/FewShot/fsl/cifar100fs_round3/CropResize_ColorDistort_runs/run3.pth: 0.3032640000000152
(0.017s avg / 173.984s) Using file /home/aditya.bharti/FewShot/fsl/cifar100fs_round3/CropResize_ColorDistort_runs/run4.pth: 0.3014160000000147
(0.017s avg / 174.819s) Using file /home/aditya.bharti/FewShot/fsl/cifar100fs_round3/CropResize_ColorDistort_runs/run1.pth: 0.3065960000000176
(0.017s avg / 174.585s) Using file /home/aditya.bharti/FewShot/fsl/cifar100fs_round3/CropResize_ColorDistort_runs/run2.pth: 0.30506666666668425
(0.017s avg / 171.959s) Using file /home/aditya.bharti/FewShot/fsl/cifar100fs_round3/CropResize_GaussBlur_runs/run3.pth: 0.36351466666669646
(0.017s avg / 173.602s) Using file /home/aditya.bharti/FewShot/fsl/cifar100fs_round3/CropResize_GaussBlur_runs/run4.pth: 0.3606280000000293
(0.017s avg / 172.396s) Using file /home/aditya.bharti/FewShot/fsl/cifar100fs_round3/CropResize_GaussBlur_runs/run1.pth: 0.3615360000000285
(0.017s avg / 173.133s) Using file /home/aditya.bharti/FewShot/fsl/cifar100fs_round3/CropResize_GaussBlur_runs/run2.pth: 0.36354666666669644
(0.017s avg / 172.078s) Using file /home/aditya.bharti/FewShot/fsl/cifar100fs_round3/ColorDistort_GaussBlur_runs/run3.pth: 0.2490279999999994
(0.017s avg / 173.900s) Using file /home/aditya.bharti/FewShot/fsl/cifar100fs_round3/ColorDistort_GaussBlur_runs/run4.pth: 0.2480279999999999
(0.017s avg / 172.033s) Using file /home/aditya.bharti/FewShot/fsl/cifar100fs_round3/ColorDistort_GaussBlur_runs/run1.pth: 0.24749466666666617
(0.017s avg / 173.014s) Using file /home/aditya.bharti/FewShot/fsl/cifar100fs_round3/ColorDistort_GaussBlur_runs/run2.pth: 0.24656533333333291
