(0.030s avg / 302.753s) Using file /home/aditya.bharti/FewShot/fsl/fc100_round2/CropResize_ColorDistort_runs/run3.pth: 0.2528239999999998
(0.030s avg / 300.724s) Using file /home/aditya.bharti/FewShot/fsl/fc100_round2/CropResize_ColorDistort_runs/run4.pth: 0.2873933333333416
(0.030s avg / 299.577s) Using file /home/aditya.bharti/FewShot/fsl/fc100_round2/CropResize_ColorDistort_runs/run1.pth: 0.2846360000000095
(0.033s avg / 327.675s) Using file /home/aditya.bharti/FewShot/fsl/fc100_round2/CropResize_ColorDistort_runs/run2.pth: 0.2566920000000013
(0.030s avg / 302.040s) Using file /home/aditya.bharti/FewShot/fsl/fc100_round2/CropResize_GaussBlur_runs/run3.pth: 0.3022026666666807
(0.030s avg / 301.733s) Using file /home/aditya.bharti/FewShot/fsl/fc100_round2/CropResize_GaussBlur_runs/run4.pth: 0.31564533333335254
(0.030s avg / 299.549s) Using file /home/aditya.bharti/FewShot/fsl/fc100_round2/CropResize_GaussBlur_runs/run1.pth: 0.3117560000000152
(0.030s avg / 298.685s) Using file /home/aditya.bharti/FewShot/fsl/fc100_round2/CropResize_GaussBlur_runs/run2.pth: 0.3161160000000175
(0.030s avg / 299.408s) Using file /home/aditya.bharti/FewShot/fsl/fc100_round2/ColorDistort_GaussBlur_runs/run3.pth: 0.2381533333333347
(0.030s avg / 301.412s) Using file /home/aditya.bharti/FewShot/fsl/fc100_round2/ColorDistort_GaussBlur_runs/run4.pth: 0.23650266666666647
(0.030s avg / 299.983s) Using file /home/aditya.bharti/FewShot/fsl/fc100_round2/ColorDistort_GaussBlur_runs/run1.pth: 0.24304666666666594
(0.030s avg / 299.506s) Using file /home/aditya.bharti/FewShot/fsl/fc100_round2/ColorDistort_GaussBlur_runs/run2.pth: 0.24606266666666624
