(0.028s avg / 283.565s) Using file /home/aditya.bharti/FewShot/fsl/fc100_experiments/CropResize_ColorDistort_runs/run6.pth: 0.2997453333333465
(0.028s avg / 284.817s) Using file /home/aditya.bharti/FewShot/fsl/fc100_experiments/CropResize_ColorDistort_runs/run8.pth: 0.29406800000001215
(0.028s avg / 283.798s) Using file /home/aditya.bharti/FewShot/fsl/fc100_experiments/CropResize_ColorDistort_runs/run7.pth: 0.28538266666667617
(0.028s avg / 282.945s) Using file /home/aditya.bharti/FewShot/fsl/fc100_experiments/CropResize_ColorDistort_runs/run3.pth: 0.2782506666666744
(0.028s avg / 282.467s) Using file /home/aditya.bharti/FewShot/fsl/fc100_experiments/CropResize_ColorDistort_runs/run4.pth: 0.29169200000001144
(0.029s avg / 282.729s) Using file /home/aditya.bharti/FewShot/fsl/fc100_experiments/CropResize_ColorDistort_runs/run5.pth: 0.29894533333334594
(0.028s avg / 284.376s) Using file /home/aditya.bharti/FewShot/fsl/fc100_experiments/CropResize_ColorDistort_runs/run1.pth: 0.2925133333333441
(0.028s avg / 282.809s) Using file /home/aditya.bharti/FewShot/fsl/fc100_experiments/CropResize_ColorDistort_runs/run2.pth: 0.2935346666666787
(0.029s avg / 286.138s) Using file /home/aditya.bharti/FewShot/fsl/fc100_experiments/CropResize_GaussBlur_runs/run6.pth: 0.30058400000001195
(0.028s avg / 282.819s) Using file /home/aditya.bharti/FewShot/fsl/fc100_experiments/CropResize_GaussBlur_runs/run8.pth: 0.31015733333335055
(0.028s avg / 282.704s) Using file /home/aditya.bharti/FewShot/fsl/fc100_experiments/CropResize_GaussBlur_runs/run7.pth: 0.3021253333333458
(0.028s avg / 281.613s) Using file /home/aditya.bharti/FewShot/fsl/fc100_experiments/CropResize_GaussBlur_runs/run3.pth: 0.30114133333334586
(0.028s avg / 281.621s) Using file /home/aditya.bharti/FewShot/fsl/fc100_experiments/CropResize_GaussBlur_runs/run4.pth: 0.2950946666666773
(0.028s avg / 282.231s) Using file /home/aditya.bharti/FewShot/fsl/fc100_experiments/CropResize_GaussBlur_runs/run5.pth: 0.30844400000001526
(0.029s avg / 286.109s) Using file /home/aditya.bharti/FewShot/fsl/fc100_experiments/CropResize_GaussBlur_runs/run1.pth: 0.31017866666668265
(0.028s avg / 283.582s) Using file /home/aditya.bharti/FewShot/fsl/fc100_experiments/CropResize_GaussBlur_runs/run2.pth: 0.30427466666668074
(0.028s avg / 284.553s) Using file /home/aditya.bharti/FewShot/fsl/fc100_experiments/ColorDistort_GaussBlur_runs/run6.pth: 0.2645346666666694
(0.029s avg / 283.397s) Using file /home/aditya.bharti/FewShot/fsl/fc100_experiments/ColorDistort_GaussBlur_runs/run8.pth: 0.24936133333333352
(0.028s avg / 283.032s) Using file /home/aditya.bharti/FewShot/fsl/fc100_experiments/ColorDistort_GaussBlur_runs/run7.pth: 0.2500786666666669
(0.028s avg / 284.602s) Using file /home/aditya.bharti/FewShot/fsl/fc100_experiments/ColorDistort_GaussBlur_runs/run3.pth: 0.2609293333333349
(0.028s avg / 284.909s) Using file /home/aditya.bharti/FewShot/fsl/fc100_experiments/ColorDistort_GaussBlur_runs/run4.pth: 0.2657920000000038
(0.028s avg / 279.853s) Using file /home/aditya.bharti/FewShot/fsl/fc100_experiments/ColorDistort_GaussBlur_runs/run5.pth: 0.256320000000003
(0.028s avg / 279.566s) Using file /home/aditya.bharti/FewShot/fsl/fc100_experiments/ColorDistort_GaussBlur_runs/run1.pth: 0.2561733333333345
(0.028s avg / 278.100s) Using file /home/aditya.bharti/FewShot/fsl/fc100_experiments/ColorDistort_GaussBlur_runs/run2.pth: 0.2574466666666695
