(0.030s avg / 299.017s) Using file /home/aditya.bharti/FewShot/fsl/miniImgnet_round2/CropResize_ColorDistort_runs/run3.pth: 0.26502533333333844
(0.030s avg / 297.095s) Using file /home/aditya.bharti/FewShot/fsl/miniImgnet_round2/CropResize_ColorDistort_runs/run4.pth: 0.2694320000000064
(0.030s avg / 298.185s) Using file /home/aditya.bharti/FewShot/fsl/miniImgnet_round2/CropResize_ColorDistort_runs/run1.pth: 0.2617573333333374
(0.030s avg / 298.980s) Using file /home/aditya.bharti/FewShot/fsl/miniImgnet_round2/CropResize_ColorDistort_runs/run2.pth: 0.25735733333333616
(0.030s avg / 296.945s) Using file /home/aditya.bharti/FewShot/fsl/miniImgnet_round2/CropResize_GaussBlur_runs/run3.pth: 0.28572266666667656
(0.030s avg / 296.856s) Using file /home/aditya.bharti/FewShot/fsl/miniImgnet_round2/CropResize_GaussBlur_runs/run4.pth: 0.27902133333334234
(0.030s avg / 299.375s) Using file /home/aditya.bharti/FewShot/fsl/miniImgnet_round2/CropResize_GaussBlur_runs/run1.pth: 0.28832400000001124
(0.030s avg / 297.829s) Using file /home/aditya.bharti/FewShot/fsl/miniImgnet_round2/CropResize_GaussBlur_runs/run2.pth: 0.2867586666666772
(0.030s avg / 297.275s) Using file /home/aditya.bharti/FewShot/fsl/miniImgnet_round2/ColorDistort_GaussBlur_runs/run3.pth: 0.21891600000000538
(0.030s avg / 297.630s) Using file /home/aditya.bharti/FewShot/fsl/miniImgnet_round2/ColorDistort_GaussBlur_runs/run4.pth: 0.21744933333333985
(0.030s avg / 298.614s) Using file /home/aditya.bharti/FewShot/fsl/miniImgnet_round2/ColorDistort_GaussBlur_runs/run1.pth: 0.21706533333333924
(0.030s avg / 298.069s) Using file /home/aditya.bharti/FewShot/fsl/miniImgnet_round2/ColorDistort_GaussBlur_runs/run2.pth: 0.21903600000000378
