(0.028s avg / 280.499s) Using file /home/aditya.bharti/FewShot/fsl/miniImgnet_experiments/CropResize_ColorDistort_runs/run6.pth: 0.25600000000000206
(0.028s avg / 278.646s) Using file /home/aditya.bharti/FewShot/fsl/miniImgnet_experiments/CropResize_ColorDistort_runs/run8.pth: 0.24523599999999973
(0.028s avg / 279.570s) Using file /home/aditya.bharti/FewShot/fsl/miniImgnet_experiments/CropResize_ColorDistort_runs/run7.pth: 0.25124933333333405
(0.028s avg / 280.965s) Using file /home/aditya.bharti/FewShot/fsl/miniImgnet_experiments/CropResize_ColorDistort_runs/run3.pth: 0.2528586666666677
(0.028s avg / 280.174s) Using file /home/aditya.bharti/FewShot/fsl/miniImgnet_experiments/CropResize_ColorDistort_runs/run4.pth: 0.2575306666666684
(0.028s avg / 279.743s) Using file /home/aditya.bharti/FewShot/fsl/miniImgnet_experiments/CropResize_ColorDistort_runs/run5.pth: 0.2557493333333355
(0.028s avg / 279.782s) Using file /home/aditya.bharti/FewShot/fsl/miniImgnet_experiments/CropResize_ColorDistort_runs/run1.pth: 0.25515200000000154
(0.028s avg / 278.804s) Using file /home/aditya.bharti/FewShot/fsl/miniImgnet_experiments/CropResize_ColorDistort_runs/run2.pth: 0.25793466666666903
(0.028s avg / 278.777s) Using file /home/aditya.bharti/FewShot/fsl/miniImgnet_experiments/CropResize_GaussBlur_runs/run6.pth: 0.24408133333333232
(0.028s avg / 279.175s) Using file /home/aditya.bharti/FewShot/fsl/miniImgnet_experiments/CropResize_GaussBlur_runs/run8.pth: 0.2582466666666677
(0.028s avg / 280.115s) Using file /home/aditya.bharti/FewShot/fsl/miniImgnet_experiments/CropResize_GaussBlur_runs/run7.pth: 0.2622226666666693
(0.028s avg / 278.967s) Using file /home/aditya.bharti/FewShot/fsl/miniImgnet_experiments/CropResize_GaussBlur_runs/run3.pth: 0.2574653333333339
(0.028s avg / 278.563s) Using file /home/aditya.bharti/FewShot/fsl/miniImgnet_experiments/CropResize_GaussBlur_runs/run4.pth: 0.2572560000000014
(0.028s avg / 277.896s) Using file /home/aditya.bharti/FewShot/fsl/miniImgnet_experiments/CropResize_GaussBlur_runs/run5.pth: 0.25715333333333495
(0.028s avg / 279.197s) Using file /home/aditya.bharti/FewShot/fsl/miniImgnet_experiments/CropResize_GaussBlur_runs/run1.pth: 0.25674800000000125
(0.028s avg / 278.619s) Using file /home/aditya.bharti/FewShot/fsl/miniImgnet_experiments/CropResize_GaussBlur_runs/run2.pth: 0.2648746666666712
(0.028s avg / 277.568s) Using file /home/aditya.bharti/FewShot/fsl/miniImgnet_experiments/ColorDistort_GaussBlur_runs/run6.pth: 0.2294466666666679
(0.028s avg / 280.101s) Using file /home/aditya.bharti/FewShot/fsl/miniImgnet_experiments/ColorDistort_GaussBlur_runs/run8.pth: 0.22975466666666852
(0.028s avg / 279.591s) Using file /home/aditya.bharti/FewShot/fsl/miniImgnet_experiments/ColorDistort_GaussBlur_runs/run7.pth: 0.23597333333333312
(0.028s avg / 279.058s) Using file /home/aditya.bharti/FewShot/fsl/miniImgnet_experiments/ColorDistort_GaussBlur_runs/run3.pth: 0.23184400000000033
(0.028s avg / 278.960s) Using file /home/aditya.bharti/FewShot/fsl/miniImgnet_experiments/ColorDistort_GaussBlur_runs/run4.pth: 0.2281026666666692
(0.028s avg / 278.773s) Using file /home/aditya.bharti/FewShot/fsl/miniImgnet_experiments/ColorDistort_GaussBlur_runs/run5.pth: 0.23996000000000048
(0.028s avg / 280.192s) Using file /home/aditya.bharti/FewShot/fsl/miniImgnet_experiments/ColorDistort_GaussBlur_runs/run1.pth: 0.2361733333333324
(0.028s avg / 278.722s) Using file /home/aditya.bharti/FewShot/fsl/miniImgnet_experiments/ColorDistort_GaussBlur_runs/run2.pth: 0.23487600000000003
