(0.017s avg / 177.652s) Using file /home/aditya.bharti/FewShot/fsl/experiments/saves/exp15.pth: 0.3143586666666839
(0.018s avg / 183.572s) Using file /home/aditya.bharti/FewShot/fsl/experiments/saves/exp14.pth: 0.30347066666668543
(0.018s avg / 178.594s) Using file /home/aditya.bharti/FewShot/fsl/experiments/saves/exp12.pth: 0.34100533333336375
(0.019s avg / 182.242s) Using file /home/aditya.bharti/FewShot/fsl/experiments/saves/run0.pth: 0.2332533333333342
(0.018s avg / 179.027s) Using file /home/aditya.bharti/FewShot/fsl/experiments/saves/exp16.pth: 0.2629613333333349
(0.018s avg / 180.665s) Using file /home/aditya.bharti/FewShot/fsl/experiments/saves/exp13.pth: 0.24762133333333292
(0.018s avg / 180.660s) Using file /home/aditya.bharti/FewShot/fsl/experiments/aug_toggle5/exp4.pth: 0.24863333333333512
(0.018s avg / 180.010s) Using file /home/aditya.bharti/FewShot/fsl/experiments/aug_toggle5/exp2.pth: 0.24819999999999978
(0.018s avg / 184.647s) Using file /home/aditya.bharti/FewShot/fsl/experiments/aug_toggle5/exp1.pth: 0.23896133333333264
(0.018s avg / 180.804s) Using file /home/aditya.bharti/FewShot/fsl/experiments/aug_toggle5/exp3.pth: 0.23658000000000035
(0.018s avg / 179.942s) Using file /home/aditya.bharti/FewShot/fsl/experiments/aug_toggle5/exp5.pth: 0.23116399999999968
(0.018s avg / 180.124s) Using file /home/aditya.bharti/FewShot/fsl/experiments/aug_toggle5/exp6.pth: 0.24671466666666597
(0.018s avg / 180.589s) Using file /home/aditya.bharti/FewShot/fsl/experiments/aug_toggle4/exp4.pth: 0.24703866666666507
(0.019s avg / 181.854s) Using file /home/aditya.bharti/FewShot/fsl/experiments/aug_toggle4/exp2.pth: 0.249797333333334
(0.018s avg / 179.557s) Using file /home/aditya.bharti/FewShot/fsl/experiments/aug_toggle4/exp1.pth: 0.2385653333333321
(0.019s avg / 179.620s) Using file /home/aditya.bharti/FewShot/fsl/experiments/aug_toggle4/exp3.pth: 0.2370919999999997
(0.018s avg / 179.702s) Using file /home/aditya.bharti/FewShot/fsl/experiments/aug_toggle4/exp5.pth: 0.23014533333333398
(0.019s avg / 182.473s) Using file /home/aditya.bharti/FewShot/fsl/experiments/aug_toggle4/exp6.pth: 0.24478399999999884
(0.018s avg / 180.068s) Using file /home/aditya.bharti/FewShot/fsl/experiments/CropResize_GaussBlur_runs/run6.pth: 0.3282106666666872
(0.018s avg / 181.247s) Using file /home/aditya.bharti/FewShot/fsl/experiments/CropResize_GaussBlur_runs/run8.pth: 0.32901866666668705
(0.018s avg / 179.593s) Using file /home/aditya.bharti/FewShot/fsl/experiments/CropResize_GaussBlur_runs/run7.pth: 0.3249466666666867
(0.018s avg / 180.747s) Using file /home/aditya.bharti/FewShot/fsl/experiments/CropResize_GaussBlur_runs/run3.pth: 0.25944133333333597
(0.018s avg / 179.616s) Using file /home/aditya.bharti/FewShot/fsl/experiments/CropResize_GaussBlur_runs/run4.pth: 0.26066266666666865
(0.018s avg / 181.665s) Using file /home/aditya.bharti/FewShot/fsl/experiments/CropResize_GaussBlur_runs/run5.pth: 0.32989200000002156
(0.019s avg / 181.834s) Using file /home/aditya.bharti/FewShot/fsl/experiments/CropResize_GaussBlur_runs/run1.pth: 0.25710666666666787
(0.019s avg / 184.461s) Using file /home/aditya.bharti/FewShot/fsl/experiments/CropResize_GaussBlur_runs/run2.pth: 0.2574413333333354
(0.018s avg / 180.712s) Using file /home/aditya.bharti/FewShot/fsl/experiments/ColorDistort_GaussBlur_runs/run6.pth: 0.2530160000000002
(0.018s avg / 181.525s) Using file /home/aditya.bharti/FewShot/fsl/experiments/ColorDistort_GaussBlur_runs/run8.pth: 0.24515466666666744
(0.018s avg / 180.487s) Using file /home/aditya.bharti/FewShot/fsl/experiments/ColorDistort_GaussBlur_runs/run7.pth: 0.25152533333333443
(0.018s avg / 182.652s) Using file /home/aditya.bharti/FewShot/fsl/experiments/ColorDistort_GaussBlur_runs/run3.pth: 0.24834933333333312
(0.018s avg / 181.295s) Using file /home/aditya.bharti/FewShot/fsl/experiments/ColorDistort_GaussBlur_runs/run4.pth: 0.25327066666666836
(0.018s avg / 179.984s) Using file /home/aditya.bharti/FewShot/fsl/experiments/ColorDistort_GaussBlur_runs/run5.pth: 0.25968400000000397
(0.018s avg / 179.249s) Using file /home/aditya.bharti/FewShot/fsl/experiments/ColorDistort_GaussBlur_runs/run1.pth: 0.25255599999999995
(0.018s avg / 180.184s) Using file /home/aditya.bharti/FewShot/fsl/experiments/ColorDistort_GaussBlur_runs/run2.pth: 0.2545493333333341
