miniImagenet 5-way-1-shot Classify1NN (0.030s avg / 289.730s) Using file /home/aditya.bharti/FewShot/pretrained_weights/moco_v2_800ep_pretrain.pth.tar: 0.44176266666667696
miniImagenet 5-way-5-shot Classify1NN (0.038s avg / 379.635s) Using file /home/aditya.bharti/FewShot/pretrained_weights/moco_v2_800ep_pretrain.pth.tar: 0.6931533333334244
miniImagenet 5-way-1-shot SoftCosAttn (0.026s avg / 265.350s) Using file /home/aditya.bharti/FewShot/pretrained_weights/moco_v2_800ep_pretrain.pth.tar: 0.5920320000000441
miniImagenet 5-way-5-shot SoftCosAttn (0.035s avg / 349.267s) Using file /home/aditya.bharti/FewShot/pretrained_weights/moco_v2_800ep_pretrain.pth.tar: 0.7241106666667645
cifar100fs 5-way-1-shot Classify1NN (0.017s avg / 171.459s) Using file /home/aditya.bharti/FewShot/pretrained_weights/moco_v2_800ep_pretrain.pth.tar: 0.32467066666669536
cifar100fs 5-way-5-shot Classify1NN (0.026s avg / 264.599s) Using file /home/aditya.bharti/FewShot/pretrained_weights/moco_v2_800ep_pretrain.pth.tar: 0.5284440000000115
cifar100fs 5-way-1-shot SoftCosAttn (0.014s avg / 144.139s) Using file /home/aditya.bharti/FewShot/pretrained_weights/moco_v2_800ep_pretrain.pth.tar: 0.4557280000000027
cifar100fs 5-way-5-shot SoftCosAttn (0.023s avg / 235.290s) Using file /home/aditya.bharti/FewShot/pretrained_weights/moco_v2_800ep_pretrain.pth.tar: 0.5739533333333718
fc100 5-way-1-shot Classify1NN (0.029s avg / 287.667s) Using file /home/aditya.bharti/FewShot/pretrained_weights/moco_v2_800ep_pretrain.pth.tar: 0.3186400000000253
fc100 5-way-5-shot Classify1NN (0.038s avg / 381.130s) Using file /home/aditya.bharti/FewShot/pretrained_weights/moco_v2_800ep_pretrain.pth.tar: 0.47543333333333004
fc100 5-way-1-shot SoftCosAttn (0.027s avg / 266.292s) Using file /home/aditya.bharti/FewShot/pretrained_weights/moco_v2_800ep_pretrain.pth.tar: 0.3619533333333673
fc100 5-way-5-shot SoftCosAttn (0.035s avg / 350.766s) Using file /home/aditya.bharti/FewShot/pretrained_weights/moco_v2_800ep_pretrain.pth.tar: 0.4500373333333404
